// Jest Snapshot v1, https://goo.gl/fbAQLP

exports[`renders correctly 1`] = `
<View
  style={
    Object {
      "backgroundColor": "#F7F7F7",
      "flex": 1,
      "justifyContent": "flex-start",
    }
  }
>
  <View
    accessibilityComponentType={undefined}
    accessibilityLabel={undefined}
    accessibilityTraits={undefined}
    accessible={true}
    collapsable={undefined}
    hitSlop={undefined}
    isTVSelectable={true}
    nativeID={undefined}
    onLayout={undefined}
    onResponderGrant={[Function]}
    onResponderMove={[Function]}
    onResponderRelease={[Function]}
    onResponderTerminate={[Function]}
    onResponderTerminationRequest={[Function]}
    onStartShouldSetResponder={[Function]}
    style={
      Object {
        "backgroundColor": "#333333",
        "flexDirection": "row",
        "opacity": 0.8,
        "padding": 25,
      }
    }
    testID={undefined}
    tvParallaxProperties={undefined}
  >
    <Text
      accessible={true}
      allowFontScaling={true}
      ellipsizeMode="tail"
      style={
        Object {
          "alignSelf": "center",
          "color": "white",
          "fontSize": 18,
          "marginLeft": "35%",
        }
      }
    >
      Contactar
    </Text>
  </View>
  <Modal
    animationType="none"
    hardwareAccelerated={false}
    onModalHide={[Function]}
    onRequestClose={[Function]}
    transparent={true}
    visible={false}
  >
    <View
      accessibilityComponentType={undefined}
      accessibilityLabel={undefined}
      accessibilityTraits={undefined}
      accessible={true}
      collapsable={undefined}
      hitSlop={undefined}
      nativeID={undefined}
      onLayout={undefined}
      onResponderGrant={[Function]}
      onResponderMove={[Function]}
      onResponderRelease={[Function]}
      onResponderTerminate={[Function]}
      onResponderTerminationRequest={[Function]}
      onStartShouldSetResponder={[Function]}
      style={
        Object {
          "backgroundColor": "black",
          "bottom": 0,
          "height": 1334,
          "left": 0,
          "opacity": 0,
          "position": "absolute",
          "right": 0,
          "top": 0,
          "width": 750,
        }
      }
      testID={undefined}
    />
    <View
      collapsable={undefined}
      onModalHide={[Function]}
      pointerEvents="box-none"
      style={
        Object {
          "backgroundColor": "#333333",
          "borderTopLeftRadius": 3,
          "borderTopRightRadius": 3,
          "flex": 1,
          "flexDirection": "column",
          "justifyContent": "center",
          "margin": 37.5,
          "marginTop": 200.1,
          "transform": Array [
            Object {
              "translateY": 0,
            },
          ],
        }
      }
    >
      <View
        accessibilityComponentType={undefined}
        accessibilityLabel={undefined}
        accessibilityTraits={undefined}
        accessible={true}
        collapsable={undefined}
        hitSlop={undefined}
        isTVSelectable={true}
        nativeID={undefined}
        onLayout={undefined}
        onResponderGrant={[Function]}
        onResponderMove={[Function]}
        onResponderRelease={[Function]}
        onResponderTerminate={[Function]}
        onResponderTerminationRequest={[Function]}
        onStartShouldSetResponder={[Function]}
        style={
          Object {
            "opacity": 1,
          }
        }
        testID={undefined}
        tvParallaxProperties={undefined}
      >
        <View
          onPress={undefined}
          style={
            Array [
              false,
              false,
              false,
              Object {
                "alignItems": "center",
                "backgroundColor": "transparent",
                "justifyContent": "center",
              },
              undefined,
            ]
          }
          underlayColor="white"
        >
          <Text
            accessible={true}
            allowFontScaling={false}
            ellipsizeMode="tail"
            style={
              Array [
                Object {
                  "color": "grey",
                  "fontSize": 30,
                },
                Array [
                  Object {
                    "backgroundColor": "transparent",
                  },
                  undefined,
                ],
                Object {
                  "fontFamily": "Material Icons",
                  "fontStyle": "normal",
                  "fontWeight": "normal",
                },
              ]
            }
          >
            
          </Text>
        </View>
      </View>
      <RCTScrollView>
        <View>
          <TextInput
            allowFontScaling={true}
            borderColor="grey"
            onChangeText={[Function]}
            placeholder="Nombre"
            placeholderTextColor="grey"
            style={
              Object {
                "backgroundColor": "white",
                "borderColor": "#333333",
                "borderWidth": 1,
                "color": "black",
                "fontSize": 16,
                "height": 60,
                "paddingLeft": 20,
                "paddingRight": 20,
              }
            }
            underlineColorAndroid="white"
            value=""
          />
          <TextInput
            allowFontScaling={true}
            borderColor="grey"
            keyboardType="email-address"
            onChangeText={[Function]}
            placeholder="Correo"
            placeholderTextColor="grey"
            style={
              Object {
                "backgroundColor": "white",
                "borderColor": "#333333",
                "borderWidth": 1,
                "color": "black",
                "fontSize": 16,
                "height": 60,
                "paddingLeft": 20,
                "paddingRight": 20,
              }
            }
            underlineColorAndroid="white"
            value=""
          />
          <TextInput
            allowFontScaling={true}
            borderColor="grey"
            keyboardType="phone-pad"
            onChangeText={[Function]}
            placeholder="Número de teléfono"
            placeholderTextColor="grey"
            style={
              Object {
                "backgroundColor": "white",
                "borderColor": "#333333",
                "borderWidth": 1,
                "color": "black",
                "fontSize": 16,
                "height": 60,
                "paddingLeft": 20,
                "paddingRight": 20,
              }
            }
            underlineColorAndroid="white"
            value=""
          />
          <TextInput
            allowFontScaling={true}
            borderColor="grey"
            onChangeText={[Function]}
            placeholder="Información personal"
            placeholderTextColor="grey"
            style={
              Object {
                "backgroundColor": "white",
                "borderColor": "#333333",
                "borderWidth": 1,
                "color": "black",
                "fontSize": 16,
                "height": 60,
                "paddingLeft": 20,
                "paddingRight": 20,
              }
            }
            underlineColorAndroid="white"
            value=""
          />
          <View
            accessibilityComponentType={undefined}
            accessibilityLabel={undefined}
            accessibilityTraits={undefined}
            accessible={true}
            collapsable={undefined}
            hitSlop={undefined}
            isTVSelectable={true}
            nativeID={undefined}
            onLayout={undefined}
            onResponderGrant={[Function]}
            onResponderMove={[Function]}
            onResponderRelease={[Function]}
            onResponderTerminate={[Function]}
            onResponderTerminationRequest={[Function]}
            onStartShouldSetResponder={[Function]}
            style={
              Object {
                "backgroundColor": "grey",
                "flexDirection": "row",
                "opacity": 1,
                "padding": 20,
              }
            }
            testID={undefined}
            tvParallaxProperties={undefined}
          >
            <Image
              source={
                Object {
                  "testUri": "../../../assets/icons/send.png",
                }
              }
              style={
                Object {
                  "height": 25,
                  "marginLeft": "15%",
                  "marginRight": 10,
                  "width": 25,
                }
              }
            />
            <Text
              accessible={true}
              allowFontScaling={true}
              ellipsizeMode="tail"
              style={
                Object {
                  "color": "white",
                  "fontSize": 20,
                }
              }
            >
              Enviar mis datos
            </Text>
          </View>
        </View>
      </RCTScrollView>
    </View>
  </Modal>
</View>
`;
