// Jest Snapshot v1, https://goo.gl/fbAQLP

exports[`ContactDetailsModal renders correctly 1`] = `
<View
  style={
    Object {
      "backgroundColor": "#F7F7F7",
      "flex": 1,
      "justifyContent": "flex-start",
    }
  }
>
  <TouchableOpacity
    activeOpacity={0.2}
    onPress={[Function]}
    style={
      Object {
        "backgroundColor": "#333333",
        "flexDirection": "row",
        "opacity": 0.8,
        "padding": 25,
      }
    }
  >
    <Text
      accessible={true}
      allowFontScaling={true}
      ellipsizeMode="tail"
      style={
        Object {
          "alignSelf": "center",
          "color": "white",
          "fontSize": 18,
          "marginLeft": "35%",
        }
      }
    >
      Contactar
    </Text>
  </TouchableOpacity>
  <ReactNativeModal
    animationIn="slideInUp"
    animationInTiming={300}
    animationOut="slideOutDown"
    animationOutTiming={300}
    avoidKeyboard={false}
    backdropColor="black"
    backdropOpacity={0.7}
    backdropTransitionInTiming={300}
    backdropTransitionOutTiming={300}
    isVisible={false}
    onBackButtonPress={[Function]}
    onBackdropPress={[Function]}
    onModalHide={[Function]}
    onModalShow={[Function]}
    style={
      Object {
        "backgroundColor": "#333333",
        "borderTopLeftRadius": 3,
        "borderTopRightRadius": 3,
        "flexDirection": "column",
        "marginTop": 200.1,
      }
    }
    useNativeDriver={false}
  >
    <TouchableOpacity
      activeOpacity={0.2}
      onPress={[Function]}
    >
      <Icon
        color="grey"
        name="keyboard-arrow-down"
        raised={false}
        reverse={false}
        reverseColor="white"
        size={30}
        type="MaterialIcons"
        underlayColor="white"
      />
    </TouchableOpacity>
    <ScrollViewMock>
      <TextInput
        allowFontScaling={true}
        borderColor="grey"
        onChangeText={[Function]}
        placeholder="Nombre"
        placeholderTextColor="grey"
        style={
          Object {
            "backgroundColor": "white",
            "borderColor": "#333333",
            "borderWidth": 1,
            "color": "black",
            "fontSize": 16,
            "height": 60,
            "paddingLeft": 20,
            "paddingRight": 20,
          }
        }
        underlineColorAndroid="white"
        value=""
      />
      <TextInput
        allowFontScaling={true}
        borderColor="grey"
        keyboardType="email-address"
        onChangeText={[Function]}
        placeholder="Correo"
        placeholderTextColor="grey"
        style={
          Object {
            "backgroundColor": "white",
            "borderColor": "#333333",
            "borderWidth": 1,
            "color": "black",
            "fontSize": 16,
            "height": 60,
            "paddingLeft": 20,
            "paddingRight": 20,
          }
        }
        underlineColorAndroid="white"
        value=""
      />
      <TextInput
        allowFontScaling={true}
        borderColor="grey"
        keyboardType="phone-pad"
        onChangeText={[Function]}
        placeholder="Número de teléfono"
        placeholderTextColor="grey"
        style={
          Object {
            "backgroundColor": "white",
            "borderColor": "#333333",
            "borderWidth": 1,
            "color": "black",
            "fontSize": 16,
            "height": 60,
            "paddingLeft": 20,
            "paddingRight": 20,
          }
        }
        underlineColorAndroid="white"
        value=""
      />
      <TextInput
        allowFontScaling={true}
        borderColor="grey"
        onChangeText={[Function]}
        placeholder="Información personal"
        placeholderTextColor="grey"
        style={
          Object {
            "backgroundColor": "white",
            "borderColor": "#333333",
            "borderWidth": 1,
            "color": "black",
            "fontSize": 16,
            "height": 60,
            "paddingLeft": 20,
            "paddingRight": 20,
          }
        }
        underlineColorAndroid="white"
        value=""
      />
      <TouchableOpacity
        activeOpacity={0.2}
        onPress={[Function]}
        style={
          Object {
            "backgroundColor": "grey",
            "flexDirection": "row",
            "padding": 20,
          }
        }
      >
        <Image
          source={1}
          style={
            Object {
              "height": 25,
              "marginLeft": "15%",
              "marginRight": 10,
              "width": 25,
            }
          }
        />
        <Text
          accessible={true}
          allowFontScaling={true}
          ellipsizeMode="tail"
          style={
            Object {
              "color": "white",
              "fontSize": 20,
            }
          }
        >
          Enviar mis datos
        </Text>
      </TouchableOpacity>
    </ScrollViewMock>
  </ReactNativeModal>
  <DropdownAlert
    activeStatusBarBackgroundColor="black"
    activeStatusBarStyle="light-content"
    cancelBtnImageSrc={1}
    cancelBtnImageStyle={
      Object {
        "alignSelf": "center",
        "height": 36,
        "padding": 8,
        "width": 36,
      }
    }
    closeInterval={6000}
    containerStyle={
      Object {
        "flexDirection": "row",
        "padding": 16,
      }
    }
    defaultContainer={
      Object {
        "flexDirection": "row",
        "padding": 8,
        "paddingTop": 20,
      }
    }
    defaultTextContainer={
      Object {
        "flex": 1,
        "padding": 8,
      }
    }
    elevation={1}
    endDelta={0}
    errorColor="#ff3333"
    imageSrc={null}
    imageStyle={
      Object {
        "alignSelf": "center",
        "height": 36,
        "padding": 8,
        "width": 36,
      }
    }
    inactiveStatusBarBackgroundColor="black"
    inactiveStatusBarStyle="default"
    infoColor="#2B73B6"
    messageNumOfLines={3}
    messageStyle={
      Object {
        "backgroundColor": "transparent",
        "color": "white",
        "fontSize": 14,
        "fontWeight": "normal",
        "textAlign": "left",
      }
    }
    onCancel={null}
    onClose={null}
    panResponderEnabled={true}
    replaceEnabled={true}
    sensitivity={20}
    showCancel={false}
    startDelta={-100}
    successColor="#77DD77"
    tapToCloseEnabled={true}
    titleNumOfLines={1}
    titleStyle={
      Object {
        "backgroundColor": "transparent",
        "color": "white",
        "fontSize": 16,
        "fontWeight": "bold",
        "textAlign": "left",
      }
    }
    translucent={false}
    updateStatusBar={true}
    warnColor="#cd853f"
    zIndex={null}
  />
</View>
`;
