// Jest Snapshot v1, https://goo.gl/fbAQLP

exports[`renders correctly 1`] = `
<View
  style={
    Object {
      "backgroundColor": "#F7F7F7",
      "flex": 1,
      "justifyContent": "flex-start",
      "paddingTop": 20,
    }
  }
>
  <View>
    <View
      style={
        Array [
          Object {},
          undefined,
        ]
      }
    >
      <Text
        accessible={true}
        allowFontScaling={true}
        disabled={false}
        ellipsizeMode="tail"
        style={
          Array [
            Object {},
            undefined,
            undefined,
            undefined,
            undefined,
            undefined,
            undefined,
            undefined,
            undefined,
            undefined,
            Array [
              Object {
                "color": "#86939e",
                "fontSize": 15,
                "fontWeight": "bold",
                "marginBottom": 1,
                "marginLeft": 20,
                "marginRight": 20,
                "marginTop": 15,
              },
              undefined,
              undefined,
            ],
          ]
        }
      >
        Nombre
      </Text>
    </View>
    <TextInput
      borderColor="grey"
      onChangeText={[Function]}
      placeholder=""
      placeholderTextColor="transparent"
      style={
        Object {
          "borderColor": "grey",
          "borderWidth": 1,
          "fontSize": 14,
          "height": 40,
          "marginBottom": 20,
          "marginLeft": 20,
          "marginRight": 20,
          "marginTop": 10,
          "opacity": 0.6,
          "paddingLeft": 20,
          "paddingRight": 20,
        }
      }
      value=""
    />
    <View
      style={
        Array [
          Object {},
          undefined,
        ]
      }
    >
      <Text
        accessible={true}
        allowFontScaling={true}
        disabled={false}
        ellipsizeMode="tail"
        style={
          Array [
            Object {},
            undefined,
            undefined,
            undefined,
            undefined,
            undefined,
            undefined,
            undefined,
            undefined,
            undefined,
            Array [
              Object {
                "color": "#86939e",
                "fontSize": 15,
                "fontWeight": "bold",
                "marginBottom": 1,
                "marginLeft": 20,
                "marginRight": 20,
                "marginTop": 15,
              },
              undefined,
              undefined,
            ],
          ]
        }
      >
        Correo
      </Text>
    </View>
    <TextInput
      borderColor="grey"
      onChangeText={[Function]}
      placeholder=""
      placeholderTextColor="transparent"
      style={
        Object {
          "borderColor": "grey",
          "borderWidth": 1,
          "fontSize": 14,
          "height": 40,
          "marginBottom": 20,
          "marginLeft": 20,
          "marginRight": 20,
          "marginTop": 10,
          "opacity": 0.6,
          "paddingLeft": 20,
          "paddingRight": 20,
        }
      }
      value=""
    />
    <View
      style={
        Array [
          Object {},
          undefined,
        ]
      }
    >
      <Text
        accessible={true}
        allowFontScaling={true}
        disabled={false}
        ellipsizeMode="tail"
        style={
          Array [
            Object {},
            undefined,
            undefined,
            undefined,
            undefined,
            undefined,
            undefined,
            undefined,
            undefined,
            undefined,
            Array [
              Object {
                "color": "#86939e",
                "fontSize": 15,
                "fontWeight": "bold",
                "marginBottom": 1,
                "marginLeft": 20,
                "marginRight": 20,
                "marginTop": 15,
              },
              undefined,
              undefined,
            ],
          ]
        }
      >
        Número de teléfono
      </Text>
    </View>
    <TextInput
      borderColor="grey"
      onChangeText={[Function]}
      placeholder=""
      placeholderTextColor="transparent"
      style={
        Object {
          "borderColor": "grey",
          "borderWidth": 1,
          "fontSize": 14,
          "height": 40,
          "marginBottom": 20,
          "marginLeft": 20,
          "marginRight": 20,
          "marginTop": 10,
          "opacity": 0.6,
          "paddingLeft": 20,
          "paddingRight": 20,
        }
      }
      value=""
    />
    <View
      style={
        Array [
          Object {},
          undefined,
        ]
      }
    >
      <Text
        accessible={true}
        allowFontScaling={true}
        disabled={false}
        ellipsizeMode="tail"
        style={
          Array [
            Object {},
            undefined,
            undefined,
            undefined,
            undefined,
            undefined,
            undefined,
            undefined,
            undefined,
            undefined,
            Array [
              Object {
                "color": "#86939e",
                "fontSize": 15,
                "fontWeight": "bold",
                "marginBottom": 1,
                "marginLeft": 20,
                "marginRight": 20,
                "marginTop": 15,
              },
              undefined,
              undefined,
            ],
          ]
        }
      >
        Información personal
      </Text>
    </View>
    <TextInput
      borderColor="grey"
      multiline={true}
      numberOfLines={4}
      onChangeText={[Function]}
      placeholder=""
      placeholderTextColor="transparent"
      style={
        Object {
          "borderColor": "grey",
          "borderWidth": 1,
          "fontSize": 14,
          "height": 100,
          "marginBottom": 20,
          "marginLeft": 20,
          "marginRight": 20,
          "marginTop": 10,
          "paddingLeft": 20,
          "paddingRight": 20,
          "paddingTop": 20,
        }
      }
      value=""
    />
    <View
      style={
        Array [
          Object {
            "backgroundColor": "#e1e8ee",
            "height": 1,
          },
          Object {
            "backgroundColor": "#d3d5d6",
            "marginBottom": 20,
            "marginLeft": 20,
            "marginRight": 20,
          },
        ]
      }
    />
    <View
      style={
        Array [
          Object {
            "backgroundColor": "transparent",
            "marginLeft": 15,
            "marginRight": 15,
          },
          undefined,
          undefined,
          Object {
            "borderRadius": 3,
          },
        ]
      }
    >
      <View
        accessibilityComponentType={undefined}
        accessibilityLabel={undefined}
        accessibilityTraits={undefined}
        accessible={true}
        hasTVPreferredFocus={undefined}
        hitSlop={undefined}
        isTVSelectable={true}
        nativeID={undefined}
        onLayout={undefined}
        onResponderGrant={[Function]}
        onResponderMove={[Function]}
        onResponderRelease={[Function]}
        onResponderTerminate={[Function]}
        onResponderTerminationRequest={[Function]}
        onStartShouldSetResponder={[Function]}
        style={
          Array [
            Object {
              "backgroundColor": "transparent",
            },
            Object {
              "marginBottom": 20,
            },
          ]
        }
        testID={undefined}
        tvParallaxProperties={undefined}
      >
        <View
          style={
            Array [
              Object {
                "alignItems": "center",
                "backgroundColor": "#9E9E9E",
                "flexDirection": "row",
                "justifyContent": "center",
                "padding": 19,
              },
              undefined,
              undefined,
              undefined,
              undefined,
              undefined,
              undefined,
              Object {
                "borderRadius": 3,
              },
              false,
              undefined,
              undefined,
              undefined,
              undefined,
              undefined,
              undefined,
            ]
          }
        >
          <Text
            accessible={true}
            allowFontScaling={true}
            disabled={false}
            ellipsizeMode="tail"
            style={
              Array [
                Object {},
                undefined,
                undefined,
                undefined,
                undefined,
                undefined,
                undefined,
                undefined,
                undefined,
                undefined,
                Array [
                  Object {
                    "color": "white",
                    "fontSize": 20,
                  },
                  undefined,
                  false,
                  undefined,
                  undefined,
                  undefined,
                  undefined,
                ],
              ]
            }
          >
            Enviar mis datos
          </Text>
        </View>
      </View>
    </View>
  </View>
</View>
`;
