// Jest Snapshot v1, https://goo.gl/fbAQLP

exports[`HomeScreenDrawer renders correctly 1`] = `
<View
  style={
    Object {
      "backgroundColor": "#fff",
      "flex": 1,
      "justifyContent": "flex-start",
    }
  }
>
  <ImageBackground
    source={
      Object {
        "testUri": "../../../assets/images/xira.jpg",
      }
    }
    style={
      Object {
        "flex": 1,
        "height": "100%",
        "justifyContent": "flex-start",
        "width": "100%",
      }
    }
  >
    <TouchableOpacity
      activeOpacity={0.2}
      onPress={[Function]}
      style={
        Object {
          "backgroundColor": "grey",
          "borderColor": "#d6d7da",
          "borderWidth": 0.5,
          "opacity": 0.6,
          "padding": 20,
        }
      }
    >
      <Text
        accessible={true}
        allowFontScaling={true}
        ellipsizeMode="tail"
        style={
          Object {
            "alignSelf": "center",
            "color": "white",
            "fontSize": 18,
          }
        }
      >
        Quienes somos
      </Text>
    </TouchableOpacity>
    <TouchableOpacity
      activeOpacity={0.2}
      onPress={[Function]}
      style={
        Object {
          "backgroundColor": "grey",
          "borderColor": "#d6d7da",
          "borderWidth": 0.5,
          "opacity": 0.6,
          "padding": 20,
        }
      }
    >
      <Text
        accessible={true}
        allowFontScaling={true}
        ellipsizeMode="tail"
        style={
          Object {
            "alignSelf": "center",
            "color": "white",
            "fontSize": 18,
          }
        }
      >
        Como usar la aplicación
      </Text>
    </TouchableOpacity>
    <TouchableOpacity
      activeOpacity={0.2}
      style={
        Object {
          "backgroundColor": "grey",
          "borderColor": "#d6d7da",
          "borderWidth": 0.5,
          "opacity": 0.6,
          "padding": 20,
        }
      }
    >
      <Text
        accessible={true}
        allowFontScaling={true}
        ellipsizeMode="tail"
        style={
          Object {
            "alignSelf": "center",
            "color": "white",
            "fontSize": 18,
          }
        }
      >
        Contacto
      </Text>
    </TouchableOpacity>
    <TouchableOpacity
      activeOpacity={0.2}
      onPress={[Function]}
      style={
        Object {
          "backgroundColor": "grey",
          "borderColor": "#d6d7da",
          "borderWidth": 0.5,
          "opacity": 0.6,
          "padding": 20,
        }
      }
    >
      <Text
        accessible={true}
        allowFontScaling={true}
        ellipsizeMode="tail"
        style={
          Object {
            "alignSelf": "center",
            "color": "white",
            "fontSize": 18,
          }
        }
      >
        Términos y condiciones
      </Text>
    </TouchableOpacity>
  </ImageBackground>
</View>
`;
