// Jest Snapshot v1, https://goo.gl/fbAQLP

exports[`renders correctly 1`] = `
<View
  style={
    Object {
      "backgroundColor": "#fff",
      "flex": 1,
      "justifyContent": "flex-start",
    }
  }
>
  <Image
    source={1}
    style={
      Object {
        "flex": 1,
        "height": "100%",
        "justifyContent": "flex-end",
        "width": "100%",
      }
    }
  >
    <Text
      accessible={true}
      allowFontScaling={true}
      disabled={false}
      ellipsizeMode="tail"
      style={
        Object {
          "alignSelf": "center",
          "backgroundColor": "transparent",
          "color": "white",
          "fontSize": 28,
          "fontWeight": "bold",
          "margin": 20,
        }
      }
    >
      My Lost Pet
    </Text>
    <Text
      accessible={true}
      allowFontScaling={true}
      disabled={false}
      ellipsizeMode="tail"
      style={
        Object {
          "alignSelf": "center",
          "backgroundColor": "transparent",
          "color": "white",
          "fontSize": 18,
          "marginBottom": 20,
        }
      }
    >
      Te ayudamos a encontrarlo
    </Text>
    <Image
      source={1}
      style={
        Object {
          "alignSelf": "center",
          "height": 100,
          "marginBottom": 300,
          "width": 100,
        }
      }
    />
    <View
      style={
        Array [
          Object {
            "backgroundColor": "transparent",
            "marginLeft": 15,
            "marginRight": 15,
          },
          undefined,
          undefined,
          Object {
            "borderRadius": 3,
          },
        ]
      }
    >
      <View
        accessibilityComponentType={undefined}
        accessibilityLabel={undefined}
        accessibilityTraits={undefined}
        accessible={true}
        hasTVPreferredFocus={undefined}
        hitSlop={undefined}
        isTVSelectable={true}
        nativeID={undefined}
        onLayout={undefined}
        onResponderGrant={[Function]}
        onResponderMove={[Function]}
        onResponderRelease={[Function]}
        onResponderTerminate={[Function]}
        onResponderTerminationRequest={[Function]}
        onStartShouldSetResponder={[Function]}
        style={
          Array [
            Object {
              "backgroundColor": "transparent",
            },
            Object {
              "marginBottom": 10,
              "marginTop": 10,
              "opacity": 0.8,
            },
          ]
        }
        testID={undefined}
        tvParallaxProperties={undefined}
      >
        <View
          style={
            Array [
              Object {
                "alignItems": "center",
                "backgroundColor": "#9E9E9E",
                "flexDirection": "row",
                "justifyContent": "center",
                "padding": 19,
              },
              undefined,
              undefined,
              undefined,
              undefined,
              undefined,
              Object {
                "backgroundColor": "#333333",
              },
              Object {
                "borderRadius": 3,
              },
              false,
              undefined,
              undefined,
              undefined,
              undefined,
              undefined,
              undefined,
            ]
          }
        >
          <Text
            accessible={true}
            allowFontScaling={true}
            disabled={false}
            ellipsizeMode="tail"
            style={
              Array [
                Object {},
                undefined,
                undefined,
                undefined,
                undefined,
                undefined,
                undefined,
                undefined,
                undefined,
                undefined,
                Array [
                  Object {
                    "color": "white",
                    "fontSize": 20,
                  },
                  undefined,
                  false,
                  undefined,
                  undefined,
                  undefined,
                  undefined,
                ],
              ]
            }
          >
            Buscar Mascota perdida
          </Text>
        </View>
      </View>
    </View>
  </Image>
</View>
`;
